// Jest Snapshot v1, https://goo.gl/fbAQLP

exports[`Pruebas en <FirstApp/> debe de hacer match con el snapshot 1`] = `
<div>
  <h1
    data-testid="test-title"
  >
     
    test title
     
  </h1>
  <h2>
    Hola 5!
  </h2>
  <code>
    {"user":{"uName":"5","anoNac":1987,"message":"Hola"}}
  </code>
  <p>
    hermoso d√≠a
  </p>
</div>
`;
